// Jest Snapshot v1, https://goo.gl/fbAQLP

exports[`Correct loading of a specific configuration file Tag-based configuration file loading 1`] = `
Object {
  "attr1": "tag1-val1.tag2-val1.attr1",
  "attr2": "tag1-val1.tag2-val1.attr2",
  "obj1": Object {
    "attr3": "tag1-val1.tag2-val1.attr3",
  },
}
`;

exports[`Correct loading of a specific configuration file Tag-based configuration file loading 2`] = `
Object {
  "attr1": "tag1-val1.tag2-val2.attr1",
  "attr2": "tag1-val1.tag2-val2.attr2",
  "obj1": Object {
    "attr3": "tag1-val1.tag2-val2.attr3",
  },
}
`;

exports[`Correct loading of a specific configuration file Tag-based configuration file loading 3`] = `
Object {
  "attr1": "tag2-val1.tag1-val2.attr1",
  "attr2": "tag2-val1.tag1-val2.attr2",
  "obj1": Object {
    "attr3": "tag2-val1.tag1-val2.attr3",
  },
}
`;

exports[`Correct loading of a specific configuration file Tag-based configuration file loading 4`] = `
Object {
  "attr1": "tag1-val2.tag2-val2.attr1",
  "attr2": "tag1-val2.tag2-val2.attr2",
  "obj1": Object {
    "attr3": "tag1-val2.tag2-val2.attr3",
  },
}
`;
